Test project /Users/stevekerr/Documents/code/AISocks/build-relwithdebinfo
